// Jest Snapshot v1, https://goo.gl/fbAQLP

exports[`PropertyCardList Snapshot 1`] = `
<body>
  <div>
    <div>
      <div
        style="margin: 20px 0px 0px 0px;"
      >
        <form
          class="ant-form ant-form-horizontal"
        >
          <div
            class="ant-row"
          >
            <div
              class="ant-col ant-col-sm-11 ant-col-md-8"
            >
              <div
                class="ant-row ant-form-item"
              >
                <div
                  class="ant-col ant-form-item-label"
                >
                  <label
                    class=""
                    for="market"
                    title="market"
                  >
                    market
                  </label>
                </div>
                <div
                  class="ant-col ant-col-24 ant-form-item-control"
                >
                  <div
                    class="ant-form-item-control-input"
                  >
                    <div
                      class="ant-form-item-control-input-content"
                    >
                      <div
                        class="ant-select ant-select-single ant-select-allow-clear ant-select-show-arrow"
                      >
                        <div
                          class="ant-select-selector"
                        >
                          <span
                            class="ant-select-selection-search"
                          >
                            <input
                              aria-activedescendant="market_list_0"
                              aria-autocomplete="list"
                              aria-controls="market_list"
                              aria-haspopup="listbox"
                              aria-owns="market_list"
                              autocomplete="off"
                              class="ant-select-selection-search-input"
                              id="market"
                              readonly=""
                              role="combobox"
                              style="opacity: 0;"
                              unselectable="on"
                              value=""
                            />
                          </span>
                          <span
                            class="ant-select-selection-placeholder"
                          >
                            Select a market
                          </span>
                        </div>
                        <span
                          aria-hidden="true"
                          class="ant-select-arrow"
                          style="user-select: none;"
                          unselectable="on"
                        >
                          <span
                            aria-label="down"
                            class="anticon anticon-down"
                            role="img"
                          >
                            <svg
                              aria-hidden="true"
                              class=""
                              data-icon="down"
                              fill="currentColor"
                              focusable="false"
                              height="1em"
                              viewBox="64 64 896 896"
                              width="1em"
                            >
                              <path
                                d="M884 256h-75c-5.1 0-9.9 2.5-12.9 6.6L512 654.2 227.9 262.6c-3-4.1-7.8-6.6-12.9-6.6h-75c-6.5 0-10.3 7.4-6.5 12.7l352.6 486.1c12.8 17.6 39 17.6 51.7 0l352.6-486.1c3.9-5.3.1-12.7-6.4-12.7z"
                              />
                            </svg>
                          </span>
                        </span>
                      </div>
                    </div>
                  </div>
                </div>
              </div>
            </div>
            <div
              class="ant-col ant-col-sm-1 ant-col-md-1"
            />
            <div
              class="ant-col ant-col-sm-11 ant-col-md-8"
            >
              <div
                class="ant-row ant-form-item"
              >
                <div
                  class="ant-col ant-col-24 ant-form-item-control"
                >
                  <div
                    class="ant-form-item-control-input"
                  >
                    <div
                      class="ant-form-item-control-input-content"
                    >
                      <input
                        class="ant-input"
                        id="searchWord"
                        placeholder="input property search word"
                        style="max-width: 90%;"
                        type="text"
                        value=""
                      />
                    </div>
                  </div>
                </div>
              </div>
            </div>
            <div
              class="ant-col"
            >
              <button
                class="ant-btn ant-btn-primary ant-btn-icon-only"
                type="submit"
              >
                <span
                  aria-label="search"
                  class="anticon anticon-search"
                  role="img"
                >
                  <svg
                    aria-hidden="true"
                    class=""
                    data-icon="search"
                    fill="currentColor"
                    focusable="false"
                    height="1em"
                    viewBox="64 64 896 896"
                    width="1em"
                  >
                    <path
                      d="M909.6 854.5L649.9 594.8C690.2 542.7 712 479 712 412c0-80.2-31.3-155.4-87.9-212.1-56.6-56.7-132-87.9-212.1-87.9s-155.5 31.3-212.1 87.9C143.2 256.5 112 331.8 112 412c0 80.1 31.3 155.5 87.9 212.1C256.5 680.8 331.8 712 412 712c67 0 130.6-21.8 182.7-62l259.7 259.6a8.2 8.2 0 0011.6 0l43.6-43.5a8.2 8.2 0 000-11.6zM570.4 570.4C528 612.7 471.8 636 412 636s-116-23.3-158.4-65.6C211.3 528 188 471.8 188 412s23.3-116.1 65.6-158.4C296 211.3 352.2 188 412 188s116.1 23.2 158.4 65.6S636 352.2 636 412s-23.3 116.1-65.6 158.4z"
                    />
                  </svg>
                </span>
              </button>
            </div>
          </div>
        </form>
      </div>
      <div
        style="margin: 54px 0px;"
      >
        <div
          class="k29mxm-0 bFDgzV"
        >
          <div
            class="ant-row"
          >
            <div
              class="ant-col ant-col-sm-24 ant-col-md-10"
            >
              <div
                class="ant-statistic k29mxm-4 chEuZd"
              >
                <div
                  class="ant-statistic-title"
                >
                  123
                </div>
                <div
                  class="ant-statistic-content"
                >
                  <span
                    class="ant-statistic-content-value"
                  >
                    authentication-id
                  </span>
                </div>
              </div>
            </div>
            <div
              class="ant-col k29mxm-2 kyfkZA ant-col-sm-24 ant-col-md-14"
            >
              <div
                class="ant-row k29mxm-1 EIlQ"
              >
                <div
                  class="ant-col ant-col-12"
                >
                  <div
                    class="ant-statistic"
                  >
                    <div
                      class="ant-statistic-title"
                    >
                      Total Rewards
                    </div>
                    <div
                      class="ant-statistic-content"
                    >
                      <span
                        class="ant-statistic-content-value"
                      >
                        <span
                          class="ant-statistic-content-value-int"
                        >
                          
                          10,000
                        </span>
                        
                      </span>
                      <span
                        class="ant-statistic-content-suffix"
                      >
                        DEV
                      </span>
                    </div>
                  </div>
                </div>
                <div
                  class="ant-col ant-col-9"
                >
                  <div
                    class="ant-statistic"
                  >
                    <div
                      class="ant-statistic-title"
                    >
                      Your Staking Amount
                    </div>
                    <div
                      class="ant-statistic-content"
                    >
                      <span
                        class="ant-statistic-content-value"
                      >
                        <span
                          class="ant-statistic-content-value-int"
                        >
                          
                          5,000
                        </span>
                        
                      </span>
                      <span
                        class="ant-statistic-content-suffix"
                      >
                        DEV
                      </span>
                    </div>
                  </div>
                </div>
                <div
                  class="ant-col ant-col-3"
                >
                  <div>
                    <span
                      class="k29mxm-3 bUjBJG"
                      style="position: absolute;"
                    >
                      25
                      % of the total stakes
                    </span>
                    <div
                      class="sc-5ahzw8-0 bIgDqy"
                    />
                  </div>
                </div>
              </div>
            </div>
          </div>
        </div>
      </div>
      <ul
        class="ant-pagination"
        style="margin: 0px 0px 20px 50%;"
        unselectable="unselectable"
      >
        <li
          aria-disabled="true"
          class="ant-pagination-prev ant-pagination-disabled"
          title="Previous Page"
        >
          <a
            class="ant-pagination-item-link"
            disabled=""
          >
            <span
              aria-label="left"
              class="anticon anticon-left"
              role="img"
            >
              <svg
                aria-hidden="true"
                class=""
                data-icon="left"
                fill="currentColor"
                focusable="false"
                height="1em"
                viewBox="64 64 896 896"
                width="1em"
              >
                <path
                  d="M724 218.3V141c0-6.7-7.7-10.4-12.9-6.3L260.3 486.8a31.86 31.86 0 000 50.3l450.8 352.1c5.3 4.1 12.9.4 12.9-6.3v-77.3c0-4.9-2.3-9.6-6.1-12.6l-360-281 360-281.1c3.8-3 6.1-7.7 6.1-12.6z"
                />
              </svg>
            </span>
          </a>
        </li>
        <li
          class="ant-pagination-item ant-pagination-item-1 ant-pagination-item-active"
          tabindex="0"
          title="1"
        >
          <a>
            1
          </a>
        </li>
        <li
          class="ant-pagination-item ant-pagination-item-2"
          tabindex="0"
          title="2"
        >
          <a>
            2
          </a>
        </li>
        <li
          class="ant-pagination-item ant-pagination-item-3"
          tabindex="0"
          title="3"
        >
          <a>
            3
          </a>
        </li>
        <li
          class="ant-pagination-item ant-pagination-item-4"
          tabindex="0"
          title="4"
        >
          <a>
            4
          </a>
        </li>
        <li
          class="ant-pagination-item ant-pagination-item-5"
          tabindex="0"
          title="5"
        >
          <a>
            5
          </a>
        </li>
        <li
          aria-disabled="false"
          class="ant-pagination-next"
          tabindex="0"
          title="Next Page"
        >
          <a
            class="ant-pagination-item-link"
          >
            <span
              aria-label="right"
              class="anticon anticon-right"
              role="img"
            >
              <svg
                aria-hidden="true"
                class=""
                data-icon="right"
                fill="currentColor"
                focusable="false"
                height="1em"
                viewBox="64 64 896 896"
                width="1em"
              >
                <path
                  d="M765.7 486.8L314.9 134.7A7.97 7.97 0 00302 141v77.3c0 4.9 2.3 9.6 6.1 12.6l360 281.1-360 281.1c-3.9 3-6.1 7.7-6.1 12.6V883c0 6.7 7.7 10.4 12.9 6.3l450.8-352.1a31.96 31.96 0 000-50.4z"
                />
              </svg>
            </span>
          </a>
        </li>
      </ul>
    </div>
  </div>
  <div>
    <div
      class="ant-message"
    >
      <span>
        <div
          class="ant-message-notice move-up-enter"
        >
          <div
            class="ant-message-notice-content"
          >
            <div
              class="ant-message-custom-content ant-message-error"
            >
              <span
                aria-label="close-circle"
                class="anticon anticon-close-circle"
                role="img"
              >
                <svg
                  aria-hidden="true"
                  class=""
                  data-icon="close-circle"
                  fill="currentColor"
                  focusable="false"
                  height="1em"
                  viewBox="64 64 896 896"
                  width="1em"
                >
                  <path
                    d="M512 64C264.6 64 64 264.6 64 512s200.6 448 448 448 448-200.6 448-448S759.4 64 512 64zm165.4 618.2l-66-.3L512 563.4l-99.3 118.4-66.1.3c-4.4 0-8-3.5-8-8 0-1.9.7-3.7 1.9-5.2l130.1-155L340.5 359a8.32 8.32 0 01-1.9-5.2c0-4.4 3.6-8 8-8l66.1.3L512 464.6l99.3-118.4 66-.3c4.4 0 8 3.5 8 8 0 1.9-.7 3.7-1.9 5.2L553.5 514l130 155c1.2 1.5 1.9 3.3 1.9 5.2 0 4.4-3.6 8-8 8z"
                  />
                </svg>
              </span>
              <span>
                fetch is not defined
              </span>
            </div>
          </div>
        </div>
      </span>
    </div>
  </div>
</body>
`;
