// Jest Snapshot v1, https://goo.gl/fbAQLP

exports[`WithdrawForm Snapshot 1`] = `
<body>
  <div>
    <div
      class="sc-1xz1jp7-0 jyGBzw"
    >
      <p>
        Withdraw 
        Creators
         Reward (
        <span>
          1,000
           
          DEV
        </span>
         available)
      </p>
      <div
        class="sc-1xz1jp7-1 dGrgmE"
      >
        <button
          class="ant-btn ant-btn-primary ant-btn-lg"
          type="button"
        >
          <span>
            Withdraw
          </span>
        </button>
      </div>
    </div>
  </div>
</body>
`;
