// Jest Snapshot v1, https://goo.gl/fbAQLP

exports[`PropertyHeader Snapshot 1`] = `
<body>
  <div>
    <div
      class="sc-1bnntxi-0 bxakBm"
    >
      <div
        class="address"
      >
        authentication-id's Pool
      </div>
      <div
        class="sc-1bnntxi-1 fvcifg"
      >
        <span
          class="sc-1bnntxi-2 DQYPT"
        >
          <span>
            N/A% APY Stakers | 
          N/A% APY Creators
          </span>
        </span>
        <a
          href="https://app.uniswap.org/#/swap?outputCurrency=0x5caf454ba92e6f2c929df14667ee360ed9fd5b26"
          rel="noreferrer"
          target="_blank"
        >
          <button
            class="sc-17tlp0z-0 cjefgD"
          >
            Buy DEV
          </button>
        </a>
      </div>
    </div>
  </div>
</body>
`;
